[INFO] Scanning for projects...
[INFO] 
[INFO] ------------------< com.weekly.plan:weekly-plan-api >-------------------
[INFO] Building weekly-plan-api 0.0.1-SNAPSHOT
[INFO]   from pom.xml
[INFO] --------------------------------[ jar ]---------------------------------
[INFO] 
[INFO] >>> spring-boot:3.4.3:run (default-cli) > test-compile @ weekly-plan-api >>>
[INFO] 
[INFO] --- resources:3.3.1:resources (default-resources) @ weekly-plan-api ---
[INFO] Copying 1 resource from src\main\resources to target\classes
[INFO] Copying 0 resource from src\main\resources to target\classes
[INFO] 
[INFO] --- compiler:3.13.0:compile (default-compile) @ weekly-plan-api ---
[INFO] Recompiling the module because of changed source code.
[INFO] Compiling 42 source files with javac [debug parameters release 17] to target\classes
[INFO] 
[INFO] --- resources:3.3.1:testResources (default-testResources) @ weekly-plan-api ---
[INFO] skip non existing resourceDirectory D:\计划管理2\weekly\backend\src\test\resources
[INFO] 
[INFO] --- compiler:3.13.0:testCompile (default-testCompile) @ weekly-plan-api ---
[INFO] No sources to compile
[INFO] 
[INFO] <<< spring-boot:3.4.3:run (default-cli) < test-compile @ weekly-plan-api <<<
[INFO] 
[INFO] 
[INFO] --- spring-boot:3.4.3:run (default-cli) @ weekly-plan-api ---
[INFO] Attaching agents: []

  .   ____          _            __ _ _
 /\\ / ___'_ __ _ _(_)_ __  __ _ \ \ \ \
( ( )\___ | '_ | '_| | '_ \/ _` | \ \ \ \
 \\/  ___)| |_)| | | | | || (_| |  ) ) ) )
  '  |____| .__|_| |_|_| |_\__, | / / / /
 =========|_|==============|___/=/_/_/_/

 :: Spring Boot ::                (v3.4.3)

2026-08-19T09:51:11.895+08:00  INFO 26952 --- [weekly-plan-api] [  restartedMain] com.weekly.plan.WeeklyPlanApplication    : Starting WeeklyPlanApplication using Java 24 with PID 26952 (D:\璁″垝绠＄悊2\weekly\backend\target\classes started by pc in D:\璁″垝绠＄悊2\weekly\backend)
2026-08-19T09:51:11.900+08:00  INFO 26952 --- [weekly-plan-api] [  restartedMain] com.weekly.plan.WeeklyPlanApplication    : No active profile set, falling back to 1 default profile: "default"
2026-08-19T09:51:12.140+08:00  INFO 26952 --- [weekly-plan-api] [  restartedMain] .e.DevToolsPropertyDefaultsPostProcessor : Devtools property defaults active! Set 'spring.devtools.add-properties' to 'false' to disable
2026-08-19T09:51:12.140+08:00  INFO 26952 --- [weekly-plan-api] [  restartedMain] .e.DevToolsPropertyDefaultsPostProcessor : For additional web related logging consider setting the 'logging.level.web' property to 'DEBUG'
2026-08-19T09:51:15.892+08:00  INFO 26952 --- [weekly-plan-api] [  restartedMain] .s.d.r.c.RepositoryConfigurationDelegate : Bootstrapping Spring Data JPA repositories in DEFAULT mode.
2026-08-19T09:51:16.324+08:00  INFO 26952 --- [weekly-plan-api] [  restartedMain] .s.d.r.c.RepositoryConfigurationDelegate : Finished Spring Data repository scanning in 320 ms. Found 4 JPA repository interfaces.
WARNING: A restricted method in java.lang.System has been called
WARNING: java.lang.System::load has been called by org.apache.tomcat.jni.Library in an unnamed module (file:/C:/Users/pc/.m2/repository/org/apache/tomcat/embed/tomcat-embed-core/10.1.36/tomcat-embed-core-10.1.36.jar)
WARNING: Use --enable-native-access=ALL-UNNAMED to avoid a warning for callers in this module
WARNING: Restricted methods will be blocked in a future release unless native access is enabled

2026-08-19T09:51:17.515+08:00  INFO 26952 --- [weekly-plan-api] [  restartedMain] o.s.b.w.embedded.tomcat.TomcatWebServer  : Tomcat initialized with port 8080 (http)
2026-08-19T09:51:17.547+08:00  INFO 26952 --- [weekly-plan-api] [  restartedMain] o.apache.catalina.core.StandardService   : Starting service [Tomcat]
2026-08-19T09:51:17.547+08:00  INFO 26952 --- [weekly-plan-api] [  restartedMain] o.apache.catalina.core.StandardEngine    : Starting Servlet engine: [Apache Tomcat/10.1.36]
2026-08-19T09:51:17.669+08:00  INFO 26952 --- [weekly-plan-api] [  restartedMain] o.a.c.c.C.[Tomcat].[localhost].[/]       : Initializing Spring embedded WebApplicationContext
2026-08-19T09:51:17.670+08:00  INFO 26952 --- [weekly-plan-api] [  restartedMain] w.s.c.ServletWebServerApplicationContext : Root WebApplicationContext: initialization completed in 5527 ms
2026-08-19T09:51:17.901+08:00  INFO 26952 --- [weekly-plan-api] [  restartedMain] o.hibernate.jpa.internal.util.LogHelper  : HHH000204: Processing PersistenceUnitInfo [name: default]
2026-08-19T09:51:18.024+08:00  INFO 26952 --- [weekly-plan-api] [  restartedMain] org.hibernate.Version                    : HHH000412: Hibernate ORM core version 6.6.8.Final
2026-08-19T09:51:18.091+08:00  INFO 26952 --- [weekly-plan-api] [  restartedMain] o.h.c.internal.RegionFactoryInitiator    : HHH000026: Second-level cache disabled
2026-08-19T09:51:18.567+08:00  INFO 26952 --- [weekly-plan-api] [  restartedMain] o.s.o.j.p.SpringPersistenceUnitInfo      : No LoadTimeWeaver setup: ignoring JPA class transformer
2026-08-19T09:51:18.619+08:00  INFO 26952 --- [weekly-plan-api] [  restartedMain] com.zaxxer.hikari.HikariDataSource       : HikariPool-1 - Starting...
2026-08-19T09:51:19.219+08:00  INFO 26952 --- [weekly-plan-api] [  restartedMain] com.zaxxer.hikari.pool.HikariPool        : HikariPool-1 - Added connection com.mysql.cj.jdbc.ConnectionImpl@3e8be776
2026-08-19T09:51:19.221+08:00  INFO 26952 --- [weekly-plan-api] [  restartedMain] com.zaxxer.hikari.HikariDataSource       : HikariPool-1 - Start completed.
2026-08-19T09:51:19.367+08:00  INFO 26952 --- [weekly-plan-api] [  restartedMain] org.hibernate.orm.connections.pooling    : HHH10001005: Database info:
	Database JDBC URL [Connecting through datasource 'HikariDataSource (HikariPool-1)']
	Database driver: undefined/unknown
	Database version: 8.0.45
	Autocommit mode: undefined/unknown
	Isolation level: undefined/unknown
	Minimum pool size: undefined/unknown
	Maximum pool size: undefined/unknown
2026-08-19T09:51:20.759+08:00  INFO 26952 --- [weekly-plan-api] [  restartedMain] o.h.e.t.j.p.i.JtaPlatformInitiator       : HHH000489: No JTA platform available (set 'hibernate.transaction.jta.platform' to enable JTA platform integration)
2026-08-19T09:51:21.356+08:00  INFO 26952 --- [weekly-plan-api] [  restartedMain] j.LocalContainerEntityManagerFactoryBean : Initialized JPA EntityManagerFactory for persistence unit 'default'
2026-08-19T09:51:22.764+08:00  INFO 26952 --- [weekly-plan-api] [  restartedMain] o.s.b.d.a.OptionalLiveReloadServer       : LiveReload server is running on port 35729
2026-08-19T09:51:22.819+08:00  INFO 26952 --- [weekly-plan-api] [  restartedMain] o.s.b.w.embedded.tomcat.TomcatWebServer  : Tomcat started on port 8080 (http) with context path '/'
2026-08-19T09:51:22.829+08:00  INFO 26952 --- [weekly-plan-api] [  restartedMain] com.weekly.plan.WeeklyPlanApplication    : Started WeeklyPlanApplication in 12.607 seconds (process running for 13.765)
2026-08-19T09:51:41.609+08:00  INFO 26952 --- [weekly-plan-api] [nio-8080-exec-1] o.a.c.c.C.[Tomcat].[localhost].[/]       : Initializing Spring DispatcherServlet 'dispatcherServlet'
2026-08-19T09:51:41.610+08:00  INFO 26952 --- [weekly-plan-api] [nio-8080-exec-1] o.s.web.servlet.DispatcherServlet        : Initializing Servlet 'dispatcherServlet'
2026-08-19T09:51:41.613+08:00  INFO 26952 --- [weekly-plan-api] [nio-8080-exec-1] o.s.web.servlet.DispatcherServlet        : Completed initialization in 3 ms
2026-08-19T09:51:41.801+08:00  WARN 26952 --- [weekly-plan-api] [nio-8080-exec-1] .w.s.m.s.DefaultHandlerExceptionResolver : Resolved [org.springframework.http.converter.HttpMessageNotReadableException: JSON parse error: Unexpected character ('\' (code 92)): was expecting double-quote to start field name]
^C终止批处理操作吗(Y/N)? 